src/components/providers/PushManager.tsx(61,63): error TS2769: No overload matches this call.
  Overload 1 of 2, '(values: { auth: string; created_at?: string; endpoint: string; id?: string; p256dh: string; usuario_id?: string; }, options?: { onConflict?: string; ignoreDuplicates?: boolean; count?: "exact" | "planned" | "estimated"; }): PostgrestFilterBuilder<...>', gave the following error.
    Object literal may only specify known properties, and 'subscription' does not exist in type '{ auth: string; created_at?: string; endpoint: string; id?: string; p256dh: string; usuario_id?: string; }'.
  Overload 2 of 2, '(values: { auth: string; created_at?: string; endpoint: string; id?: string; p256dh: string; usuario_id?: string; }[], options?: { onConflict?: string; ignoreDuplicates?: boolean; count?: "exact" | "planned" | "estimated"; defaultToNull?: boolean; }): PostgrestFilterBuilder<...>', gave the following error.
    Object literal may only specify known properties, and 'usuario_id' does not exist in type '{ auth: string; created_at?: string; endpoint: string; id?: string; p256dh: string; usuario_id?: string; }[]'.
src/features/admin/components/LandingSettings.tsx(42,26): error TS2339: Property 'config_landing' does not exist on type '{ actualizado_en: string; color_primario: string; color_secundario: string; configuracion: Json; creado_en: string; cuota_ia_mensual: number; cuota_ia_usada: number; descuento_saas: number; ... 11 more ...; slug: string; }'.
src/features/admin/components/LandingSettings.tsx(45,34): error TS2339: Property 'config_landing' does not exist on type '{ actualizado_en: string; color_primario: string; color_secundario: string; configuracion: Json; creado_en: string; cuota_ia_mensual: number; cuota_ia_usada: number; descuento_saas: number; ... 11 more ...; slug: string; }'.
src/features/admin/components/LandingSettings.tsx(89,17): error TS2353: Object literal may only specify known properties, and 'config_landing' does not exist in type '{ actualizado_en?: string; color_primario?: string; color_secundario?: string; configuracion?: Json; creado_en?: string; cuota_ia_mensual?: number; cuota_ia_usada?: number; descuento_saas?: number; ... 11 more ...; slug?: string; }'.
src/features/ai/components/VisionLab.tsx(132,18): error TS2769: No overload matches this call.
  Overload 1 of 2, '(values: { actualizado_en?: string; calificacion_alumno?: number; compartido_con_alumno?: boolean; compartido_en?: string; correcciones_ia?: Json; creado_en?: string; duracion_segundos?: number; ... 10 more ...; visto_por_alumno?: boolean; }, options?: { ...; }): PostgrestFilterBuilder<...>', gave the following error.
    Type 'unknown' is not assignable to type 'Json'.
  Overload 2 of 2, '(values: { actualizado_en?: string; calificacion_alumno?: number; compartido_con_alumno?: boolean; compartido_en?: string; correcciones_ia?: Json; creado_en?: string; duracion_segundos?: number; ... 10 more ...; visto_por_alumno?: boolean; }[], options?: { ...; }): PostgrestFilterBuilder<...>', gave the following error.
    Object literal may only specify known properties, and 'usuario_id' does not exist in type '{ actualizado_en?: string; calificacion_alumno?: number; compartido_con_alumno?: boolean; compartido_en?: string; correcciones_ia?: Json; creado_en?: string; duracion_segundos?: number; ... 10 more ...; visto_por_alumno?: boolean; }[]'.
src/services/bookings.service.ts(76,62): error TS2589: Type instantiation is excessively deep and possibly infinite.
src/services/bookings.service.ts(77,19): error TS2769: No overload matches this call.
  Overload 1 of 2, '(relation: "registros_recuperacion" | "perfiles" | "campanas_marketing" | "gimnasios" | "rutinas" | "equipamiento" | "ejercicios" | "planes_suscripcion" | "actividades" | "logros" | ... 39 more ... | "videos_ejercicio"): PostgrestQueryBuilder<...>', gave the following error.
    Argument of type '"clases_con_disponibilidad"' is not assignable to parameter of type '"registros_recuperacion" | "perfiles" | "campanas_marketing" | "gimnasios" | "rutinas" | "equipamiento" | "ejercicios" | "planes_suscripcion" | "actividades" | "logros" | ... 39 more ... | "videos_ejercicio"'.
  Overload 2 of 2, '(relation: "classes_with_availability" | "saas_mrr_actual" | "user_bookings_detailed"): PostgrestQueryBuilder<{ PostgrestVersion: "13.0.5"; }, { Tables: { accesos_qr: { Row: { alumno_id: string; creado_en: string; ... 4 more ...; usado: boolean; }; Insert: { ...; }; Update: { ...; }; Relationships: [...]; }; ... 48 more ...; videos_ejercicio: { ...; }; }; Views: { ...; }; Functions: { ...; }; Enums: { ...; }; CompositeTypes: {}; }, { ...; } | ... 1 more ... | { ...; }, "classes_with_availability" | ... 1 more ... | "user_bookings_detailed", [] | ... 1 more ... | [...]>', gave the following error.
    Argument of type '"clases_con_disponibilidad"' is not assignable to parameter of type '"classes_with_availability" | "saas_mrr_actual" | "user_bookings_detailed"'.
src/services/bookings.service.ts(96,37): error TS2589: Type instantiation is excessively deep and possibly infinite.
src/services/classes.service.ts(30,19): error TS2769: No overload matches this call.
  Overload 1 of 2, '(relation: "registros_recuperacion" | "perfiles" | "campanas_marketing" | "gimnasios" | "rutinas" | "equipamiento" | "ejercicios" | "planes_suscripcion" | "actividades" | "logros" | ... 39 more ... | "videos_ejercicio"): PostgrestQueryBuilder<...>', gave the following error.
    Argument of type '"clases_con_disponibilidad"' is not assignable to parameter of type '"registros_recuperacion" | "perfiles" | "campanas_marketing" | "gimnasios" | "rutinas" | "equipamiento" | "ejercicios" | "planes_suscripcion" | "actividades" | "logros" | ... 39 more ... | "videos_ejercicio"'.
  Overload 2 of 2, '(relation: "classes_with_availability" | "saas_mrr_actual" | "user_bookings_detailed"): PostgrestQueryBuilder<{ PostgrestVersion: "13.0.5"; }, { Tables: { accesos_qr: { Row: { alumno_id: string; creado_en: string; ... 4 more ...; usado: boolean; }; Insert: { ...; }; Update: { ...; }; Relationships: [...]; }; ... 48 more ...; videos_ejercicio: { ...; }; }; Views: { ...; }; Functions: { ...; }; Enums: { ...; }; CompositeTypes: {}; }, { ...; } | ... 1 more ... | { ...; }, "classes_with_availability" | ... 1 more ... | "user_bookings_detailed", [] | ... 1 more ... | [...]>', gave the following error.
    Argument of type '"clases_con_disponibilidad"' is not assignable to parameter of type '"classes_with_availability" | "saas_mrr_actual" | "user_bookings_detailed"'.
src/services/classes.service.ts(36,16): error TS2352: Conversion of type '({ actualizado_en: string; apellido: string; ciudad: string; contacto_emergencia: Json; correo: string; creado_en: string; direccion: string; dni: string; es_pago_agrupado_con: string; ... 23 more ...; url_avatar: string; } | ... 48 more ... | { ...; })[]' to type 'ClassWithAvailability[]' may be a mistake because neither type sufficiently overlaps with the other. If this was intentional, convert the expression to 'unknown' first.
  Type '{ actualizado_en: string; apellido: string; ciudad: string; contacto_emergencia: Json; correo: string; creado_en: string; direccion: string; dni: string; es_pago_agrupado_con: string; ... 23 more ...; url_avatar: string; } | ... 48 more ... | { ...; }' is not comparable to type 'ClassWithAvailability'.
    Type '{ actualizado_en: string; calificacion_alumno: number; compartido_con_alumno: boolean; compartido_en: string; correcciones_ia: Json; creado_en: string; duracion_segundos: number; ... 10 more ...; visto_por_alumno: boolean; }' is missing the following properties from type 'ClassWithAvailability': actividad_id, entrenador_id, dia_de_la_semana, hora_inicio, and 5 more.
src/services/classes.service.ts(43,39): error TS2589: Type instantiation is excessively deep and possibly infinite.
src/services/classes.service.ts(44,19): error TS2769: No overload matches this call.
  Overload 1 of 2, '(relation: "registros_recuperacion" | "perfiles" | "campanas_marketing" | "gimnasios" | "rutinas" | "equipamiento" | "ejercicios" | "planes_suscripcion" | "actividades" | "logros" | ... 39 more ... | "videos_ejercicio"): PostgrestQueryBuilder<...>', gave the following error.
    Argument of type '"clases_con_disponibilidad"' is not assignable to parameter of type '"registros_recuperacion" | "perfiles" | "campanas_marketing" | "gimnasios" | "rutinas" | "equipamiento" | "ejercicios" | "planes_suscripcion" | "actividades" | "logros" | ... 39 more ... | "videos_ejercicio"'.
  Overload 2 of 2, '(relation: "classes_with_availability" | "saas_mrr_actual" | "user_bookings_detailed"): PostgrestQueryBuilder<{ PostgrestVersion: "13.0.5"; }, { Tables: { accesos_qr: { Row: { alumno_id: string; creado_en: string; ... 4 more ...; usado: boolean; }; Insert: { ...; }; Update: { ...; }; Relationships: [...]; }; ... 48 more ...; videos_ejercicio: { ...; }; }; Views: { ...; }; Functions: { ...; }; Enums: { ...; }; CompositeTypes: {}; }, { ...; } | ... 1 more ... | { ...; }, "classes_with_availability" | ... 1 more ... | "user_bookings_detailed", [] | ... 1 more ... | [...]>', gave the following error.
    Argument of type '"clases_con_disponibilidad"' is not assignable to parameter of type '"classes_with_availability" | "saas_mrr_actual" | "user_bookings_detailed"'.
src/services/classes.service.ts(50,16): error TS2352: Conversion of type '({ actualizado_en: string; apellido: string; ciudad: string; contacto_emergencia: Json; correo: string; creado_en: string; direccion: string; dni: string; es_pago_agrupado_con: string; ... 23 more ...; url_avatar: string; } | ... 48 more ... | { ...; })[]' to type 'ClassWithAvailability[]' may be a mistake because neither type sufficiently overlaps with the other. If this was intentional, convert the expression to 'unknown' first.
  Type '{ actualizado_en: string; apellido: string; ciudad: string; contacto_emergencia: Json; correo: string; creado_en: string; direccion: string; dni: string; es_pago_agrupado_con: string; ... 23 more ...; url_avatar: string; } | ... 48 more ... | { ...; }' is not comparable to type 'ClassWithAvailability'.
    Type '{ actualizado_en: string; calificacion_alumno: number; compartido_con_alumno: boolean; compartido_en: string; correcciones_ia: Json; creado_en: string; duracion_segundos: number; ... 10 more ...; visto_por_alumno: boolean; }' is missing the following properties from type 'ClassWithAvailability': actividad_id, entrenador_id, dia_de_la_semana, hora_inicio, and 5 more.
src/services/classes.service.ts(57,39): error TS2589: Type instantiation is excessively deep and possibly infinite.
src/services/classes.service.ts(58,19): error TS2769: No overload matches this call.
  Overload 1 of 2, '(relation: "registros_recuperacion" | "perfiles" | "campanas_marketing" | "gimnasios" | "rutinas" | "equipamiento" | "ejercicios" | "planes_suscripcion" | "actividades" | "logros" | ... 39 more ... | "videos_ejercicio"): PostgrestQueryBuilder<...>', gave the following error.
    Argument of type '"clases_con_disponibilidad"' is not assignable to parameter of type '"registros_recuperacion" | "perfiles" | "campanas_marketing" | "gimnasios" | "rutinas" | "equipamiento" | "ejercicios" | "planes_suscripcion" | "actividades" | "logros" | ... 39 more ... | "videos_ejercicio"'.
  Overload 2 of 2, '(relation: "classes_with_availability" | "saas_mrr_actual" | "user_bookings_detailed"): PostgrestQueryBuilder<{ PostgrestVersion: "13.0.5"; }, { Tables: { accesos_qr: { Row: { alumno_id: string; creado_en: string; ... 4 more ...; usado: boolean; }; Insert: { ...; }; Update: { ...; }; Relationships: [...]; }; ... 48 more ...; videos_ejercicio: { ...; }; }; Views: { ...; }; Functions: { ...; }; Enums: { ...; }; CompositeTypes: {}; }, { ...; } | ... 1 more ... | { ...; }, "classes_with_availability" | ... 1 more ... | "user_bookings_detailed", [] | ... 1 more ... | [...]>', gave the following error.
    Argument of type '"clases_con_disponibilidad"' is not assignable to parameter of type '"classes_with_availability" | "saas_mrr_actual" | "user_bookings_detailed"'.
src/services/classes.service.ts(65,16): error TS2352: Conversion of type '({ actualizado_en: string; apellido: string; ciudad: string; contacto_emergencia: Json; correo: string; creado_en: string; direccion: string; dni: string; es_pago_agrupado_con: string; ... 23 more ...; url_avatar: string; } | ... 48 more ... | { ...; })[]' to type 'ClassWithAvailability[]' may be a mistake because neither type sufficiently overlaps with the other. If this was intentional, convert the expression to 'unknown' first.
  Type '{ actualizado_en: string; apellido: string; ciudad: string; contacto_emergencia: Json; correo: string; creado_en: string; direccion: string; dni: string; es_pago_agrupado_con: string; ... 23 more ...; url_avatar: string; } | ... 48 more ... | { ...; }' is not comparable to type 'ClassWithAvailability'.
    Type '{ actualizado_en: string; calificacion_alumno: number; compartido_con_alumno: boolean; compartido_en: string; correcciones_ia: Json; creado_en: string; duracion_segundos: number; ... 10 more ...; visto_por_alumno: boolean; }' is missing the following properties from type 'ClassWithAvailability': actividad_id, entrenador_id, dia_de_la_semana, hora_inicio, and 5 more.
src/services/classes.service.ts(151,19): error TS2769: No overload matches this call.
  Overload 1 of 2, '(relation: "registros_recuperacion" | "perfiles" | "campanas_marketing" | "gimnasios" | "rutinas" | "equipamiento" | "ejercicios" | "planes_suscripcion" | "actividades" | "logros" | ... 39 more ... | "videos_ejercicio"): PostgrestQueryBuilder<...>', gave the following error.
    Argument of type '"clases_con_disponibilidad"' is not assignable to parameter of type '"registros_recuperacion" | "perfiles" | "campanas_marketing" | "gimnasios" | "rutinas" | "equipamiento" | "ejercicios" | "planes_suscripcion" | "actividades" | "logros" | ... 39 more ... | "videos_ejercicio"'.
  Overload 2 of 2, '(relation: "classes_with_availability" | "saas_mrr_actual" | "user_bookings_detailed"): PostgrestQueryBuilder<{ PostgrestVersion: "13.0.5"; }, { Tables: { accesos_qr: { Row: { alumno_id: string; creado_en: string; ... 4 more ...; usado: boolean; }; Insert: { ...; }; Update: { ...; }; Relationships: [...]; }; ... 48 more ...; videos_ejercicio: { ...; }; }; Views: { ...; }; Functions: { ...; }; Enums: { ...; }; CompositeTypes: {}; }, { ...; } | ... 1 more ... | { ...; }, "classes_with_availability" | ... 1 more ... | "user_bookings_detailed", [] | ... 1 more ... | [...]>', gave the following error.
    Argument of type '"clases_con_disponibilidad"' is not assignable to parameter of type '"classes_with_availability" | "saas_mrr_actual" | "user_bookings_detailed"'.
src/services/classes.service.ts(158,22): error TS2339: Property 'capacidad_actual' does not exist on type 'SelectQueryError<"column 'capacidad_maxima' does not exist on 'registros_recuperacion'."> | SelectQueryError<"column 'capacidad_maxima' does not exist on 'perfiles'."> | ... 47 more ... | SelectQueryError<...>'.
  Property 'capacidad_actual' does not exist on type 'SelectQueryError<"column 'capacidad_maxima' does not exist on 'registros_recuperacion'.">'.
src/services/classes.service.ts(158,53): error TS2339: Property 'capacidad_maxima' does not exist on type 'SelectQueryError<"column 'capacidad_maxima' does not exist on 'registros_recuperacion'."> | SelectQueryError<"column 'capacidad_maxima' does not exist on 'perfiles'."> | ... 47 more ... | SelectQueryError<...>'.
  Property 'capacidad_maxima' does not exist on type 'SelectQueryError<"column 'capacidad_maxima' does not exist on 'registros_recuperacion'.">'.
